'EulerianCert.common_endpoint_sign_criterion' depends on axioms: [propext, Classical.choice, Quot.sound]
'EulerianCert.sign_criterion' depends on axioms: [propext, Classical.choice, Quot.sound]
'EulerianCert.damping' depends on axioms: [propext, Classical.choice, Quot.sound]
'EulerianCert.Bracket.E_one_zero' depends on axioms: [propext]
'EulerianCert.Bracket.E_eq_zero_of_le' depends on axioms: [propext, Classical.choice, Quot.sound]
'EulerianCert.Bracket.E_succ_zero' depends on axioms: [propext, Classical.choice, Quot.sound]
'EulerianCert.Bracket.E_succ' depends on axioms: [propext, Classical.choice, Quot.sound]
'EulerianCert.Bracket.c669_lt' depends on axioms: [propext]
'EulerianCert.Bracket.c671_gt' depends on axioms: [propext]
'EulerianCert.Bracket.diffs_pos' depends on axioms: [propext]
'EulerianCert.Bracket.rowsum669' depends on axioms: [propext]
'EulerianCert.Bracket.rowsum671' depends on axioms: [propext]
'EulerianCert.Bracket.angle_bracket' depends on axioms: [propext, Classical.choice, Quot.sound]
'EulerianCert.Crossing.crossing_bracket' depends on axioms: [propext, Classical.choice, Quot.sound]
'EulerianCert.Crossing.one_term_outside' depends on axioms: [propext, Classical.choice, Quot.sound]
'EulerianCert.Limacon.limacon_numerator_pos' depends on axioms: [propext, Classical.choice, Quot.sound]
'EulerianCert.Limacon.convexity_chain' depends on axioms: [propext, Classical.choice, Quot.sound]
'EulerianCert.Limacon.c_sub_two_m_pos' depends on axioms: [propext, Classical.choice, Quot.sound]
'EulerianCert.Limacon.affine_unique' depends on axioms: [propext, Classical.choice, Quot.sound]
'EulerianCert.Limacon.endpoint_containment' depends on axioms: [propext, Classical.choice, Quot.sound]
'EulerianCert.Limacon.endpoint_containment_strict' depends on axioms: [propext, Classical.choice, Quot.sound]
'EulerianCert.Limacon.endpoint_equalities' depends on axioms: [propext, Classical.choice, Quot.sound]
'EulerianCert.Limacon.balance_unique' depends on axioms: [propext, Classical.choice, Quot.sound]
'EulerianCert.Limacon.balance_lower' depends on axioms: [propext, Classical.choice, Quot.sound]
'EulerianCert.Limacon.balance_bracket' depends on axioms: [propext, Classical.choice, Quot.sound]
'EulerianCert.Limacon.balance_lt' depends on axioms: [propext, Classical.choice, Quot.sound]
'EulerianCert.Corner.hasDerivAt_rE' depends on axioms: [propext, Classical.choice, Quot.sound]
'EulerianCert.Corner.hasDerivAt_rE'' depends on axioms: [propext, Classical.choice, Quot.sound]
'EulerianCert.Corner.rE'_pi' depends on axioms: [propext, Classical.choice, Quot.sound]
'EulerianCert.Corner.curvature_numerator' depends on axioms: [propext, Classical.choice, Quot.sound]
'EulerianCert.Corner.curvature_numerator_pos' depends on axioms: [propext, Classical.choice, Quot.sound]
'EulerianCert.Corner.tangent_minus' depends on axioms: [propext, Classical.choice, Quot.sound]
'EulerianCert.Corner.tangent_plus' depends on axioms: [propext, Classical.choice, Quot.sound]
'EulerianCert.Corner.tan_half_varthetaE' depends on axioms: [propext, Classical.choice, Quot.sound]
'EulerianCert.Corner.arctan_inv_pi' depends on axioms: [propext, Classical.choice, Quot.sound]
'EulerianCert.Corner.sullivan_atom' depends on axioms: [propext, Classical.choice, Quot.sound]
'EulerianCert.Corner.unit_tangents' depends on axioms: [propext, Classical.choice, Quot.sound]
'EulerianCert.Corner.speed_at_corner' depends on axioms: [propext, Classical.choice, Quot.sound]
'EulerianCert.Combinatorics.hasSum_telescope' depends on axioms: [propext, Classical.choice, Quot.sound]
'EulerianCert.Combinatorics.tail_bound' depends on axioms: [propext, Classical.choice, Quot.sound]
'EulerianCert.Combinatorics.tail_bound_strict' depends on axioms: [propext, Classical.choice, Quot.sound]
'EulerianCert.Combinatorics.det_JtJ' depends on axioms: [propext, Classical.choice, Quot.sound]
'EulerianCert.Combinatorics.gaussian_homothety' depends on axioms: [propext, Classical.choice, Quot.sound]
'EulerianCert.Cyclohedral.tail_numerator_factor' depends on axioms: [propext, Classical.choice, Quot.sound]
'EulerianCert.Cyclohedral.zhat_closed_form' depends on axioms: [propext, Classical.choice, Quot.sound]
'EulerianCert.Cyclohedral.zhat_at_origin' depends on axioms: [propext, Classical.choice, Quot.sound]
'EulerianCert.Cyclohedral.branch_right_half_plane' depends on axioms: [propext, Classical.choice, Quot.sound]
'EulerianCert.Cyclohedral.zhat_zero_free' depends on axioms: [propext, Classical.choice, Quot.sound]
'EulerianCert.Cyclohedral.cyclohedral_spectral_link' depends on axioms: [propext, Classical.choice, Quot.sound]
'EulerianCert.Cyclohedral.charpoly_A' depends on axioms: [propext, Classical.choice, Quot.sound]
'EulerianCert.Cyclohedral.cassini_chain' depends on axioms: [propext, Classical.choice, Quot.sound]
'EulerianCert.Cyclohedral.M2_eq_A_half_transpose' depends on axioms: [propext, Classical.choice, Quot.sound]
'EulerianCert.Cyclohedral.cheb_composition' depends on axioms: [propext, Classical.choice, Quot.sound]
'EulerianCert.Cyclohedral.cheb_even_factorisations' depends on axioms: [propext, Classical.choice, Quot.sound]
'EulerianCert.Cyclohedral.riemann_hurwitz_genus' depends on axioms: [propext, Classical.choice, Quot.sound]
'EulerianCert.Cyclohedral.node_count_genus' depends on axioms: [propext, Classical.choice, Quot.sound]
