⚠ [1992/2223] Replayed EulerianCert.SignCriterion
warning: EulerianCert/SignCriterion.lean: imports `Mathlib.Topology.MetricSpace.HausdorffDistance` from package `mathlib`, which is designed for use with the module system; consider adding `module` to the start of this file
warning: EulerianCert/SignCriterion.lean: imports `Mathlib.Analysis.SpecialFunctions.Trigonometric.Basic` from package `mathlib`, which is designed for use with the module system; consider adding `module` to the start of this file
warning: EulerianCert/SignCriterion.lean: imports `Mathlib.Analysis.Normed.Group.InfiniteSum` from package `mathlib`, which is designed for use with the module system; consider adding `module` to the start of this file
warning: EulerianCert/SignCriterion.lean: imports `Mathlib.Topology.Algebra.InfiniteSum.Real` from package `mathlib`, which is designed for use with the module system; consider adding `module` to the start of this file
⚠ [2290/2404] Replayed EulerianCert.Bracket
warning: EulerianCert/Bracket.lean: imports `Mathlib.Analysis.Real.Pi.Bounds` from package `mathlib`, which is designed for use with the module system; consider adding `module` to the start of this file
warning: EulerianCert/Bracket.lean: imports `Mathlib.Analysis.SpecialFunctions.Trigonometric.Arctan` from package `mathlib`, which is designed for use with the module system; consider adding `module` to the start of this file
⚠ [2291/2404] Replayed EulerianCert.Crossing
warning: EulerianCert/Crossing.lean: imports `Mathlib.Analysis.Real.Pi.Bounds` from package `mathlib`, which is designed for use with the module system; consider adding `module` to the start of this file
⚠ [2292/2404] Replayed EulerianCert.Limacon
warning: EulerianCert/Limacon.lean: imports `Mathlib.Analysis.SpecialFunctions.Trigonometric.Deriv` from package `mathlib`, which is designed for use with the module system; consider adding `module` to the start of this file
warning: EulerianCert/Limacon.lean: imports `Mathlib.Analysis.Real.Pi.Bounds` from package `mathlib`, which is designed for use with the module system; consider adding `module` to the start of this file
⚠ [2293/2404] Replayed EulerianCert.Corner
warning: EulerianCert/Corner.lean: imports `Mathlib.Analysis.SpecialFunctions.Trigonometric.Arctan` from package `mathlib`, which is designed for use with the module system; consider adding `module` to the start of this file
warning: EulerianCert/Corner.lean: imports `Mathlib.Analysis.SpecialFunctions.Trigonometric.Deriv` from package `mathlib`, which is designed for use with the module system; consider adding `module` to the start of this file
warning: EulerianCert/Corner.lean: imports `Mathlib.Analysis.SpecialFunctions.Trigonometric.Bounds` from package `mathlib`, which is designed for use with the module system; consider adding `module` to the start of this file
⚠ [2446/2463] Replayed EulerianCert.Combinatorics
warning: EulerianCert/Combinatorics.lean: imports `Mathlib.LinearAlgebra.Matrix.SchurComplement` from package `mathlib`, which is designed for use with the module system; consider adding `module` to the start of this file
warning: EulerianCert/Combinatorics.lean: imports `Mathlib.Analysis.SpecialFunctions.Exp` from package `mathlib`, which is designed for use with the module system; consider adding `module` to the start of this file
warning: EulerianCert/Combinatorics.lean: imports `Mathlib.Analysis.SpecialFunctions.Sqrt` from package `mathlib`, which is designed for use with the module system; consider adding `module` to the start of this file
warning: EulerianCert/Combinatorics.lean: imports `Mathlib.Analysis.SpecificLimits.Basic` from package `mathlib`, which is designed for use with the module system; consider adding `module` to the start of this file
warning: EulerianCert/Combinatorics.lean: imports `Mathlib.Topology.Algebra.InfiniteSum.Real` from package `mathlib`, which is designed for use with the module system; consider adding `module` to the start of this file
warning: EulerianCert/Combinatorics.lean: imports `Mathlib.Analysis.Real.Pi.Bounds` from package `mathlib`, which is designed for use with the module system; consider adding `module` to the start of this file
⚠ [2461/2463] Built EulerianCert.Cyclohedral (4.2s)
warning: EulerianCert/Cyclohedral.lean: imports `Mathlib.Analysis.SpecialFunctions.Trigonometric.Chebyshev.Basic` from package `mathlib`, which is designed for use with the module system; consider adding `module` to the start of this file
warning: EulerianCert/Cyclohedral.lean: imports `Mathlib.Analysis.SpecialFunctions.Pow.Real` from package `mathlib`, which is designed for use with the module system; consider adding `module` to the start of this file
warning: EulerianCert/Cyclohedral.lean: imports `Mathlib.LinearAlgebra.Matrix.Determinant.Basic` from package `mathlib`, which is designed for use with the module system; consider adding `module` to the start of this file
warning: EulerianCert/Cyclohedral.lean: imports `Mathlib.Analysis.Complex.Norm` from package `mathlib`, which is designed for use with the module system; consider adding `module` to the start of this file
✔ [2462/2463] Built EulerianCert (2.1s)
Build completed successfully (2463 jobs).

real	0m8.421s
user	0m6.464s
sys	0m3.162s
