A0                               1.74530859892120543153188887347713244812095932822920901944589220966615539491752554136259287
bE                               0.872654299460602715765944436738566224060479664114604509722946104833077697458762770681296435
aE                               0.151267597043819514429948016524058182511259954046386251971014415095697298259875543783767669
err1 = bE-aE-2/pi                0.0847669300492018582604613667244505934113811271063924627612623135017932086619810865370735545
tail sum_{n>=2}|A_n|             0.0847669300492018582604613667244505934113811271063924627612623135017932086619810865370735545
Etot closed form                 1.5473900198056323689130219859719983716929246445507599029041351563832224397122041886256625
Etot quadrature                  1.5473900198056323689130219859719983716929246445507599029041351563832224397122041886256625
rms                              0.0269914908449908710376574585363985733334438880100716151250824255613304374142569942241397371
relative endpoint %              13.3151582354966224306633956349553461082901146284128008793160462160359677455503454109707262
table: const %                   98.4270955117999905734960463089735937193424370662573560714789018005153304576300765449283855
table: const+cos %               99.9058362056481742109685258713476291247725477006036432016094802974462450612750271712406224
table: variation %               94.0133812918555301823046248837530373661015133716496224580026724626491681953170847350929978
vartheta_E (deg)                 35.3135743028257169576354669578457225243350856392514706832338994002864631031214725995009731
half-angle arccot(pi) rad        0.308169071115984935786999608034053098589637029263169313513662343901682900451370533968948599
uniform bound N=1 (2/pi)^3/3     0.0860040918218653044917921405028365029148355630599415379588845925748908314519879721019344395
n, A_n, (A_n - integral rep), strict bounds hold
   (1, '0.15126759704381951443', '-4.8407e-122', True)
   (2, '-0.033449127583708570761', '1.2102e-122', True)
   (3, '0.014564737951372018576', '1.1799e-121', True)
   (10, '-0.0012918973845424759901', '-4.16e-123', True)
   (50, '-0.000051605387820381502294', '2.8452e-122', True)

real	0m3.242s
user	0m3.178s
sys	0m0.012s
