[A] Zhat Taylor coefficients = C(2m+4,m+2), m<=300: OK 
[B] det(lam I - J_n) = 2^{1-n} T_n(lam), n=2..12 (exact): OK 
[B] det(lam I - A_n(w)) = 2^{1-n}[T_n(lam) - w], n=2..12 (exact): OK 
[B] Floquet: periodic chain, corners e^{+-i phi}/2: 2^{1-n}[T_n - cos phi], n=3..12 (exact): OK 
[C] mpmath.iv t=1/2: (89) and (90) enclosures agree: OK widths 3.1e-38, 6.2e-59
[C] mpmath.iv t=1: (89) and (90) enclosures agree: OK widths 1.2e-37, 6.2e-59
[C] mpmath.iv t=2: (89) and (90) enclosures agree: OK widths 4.2e-37, 3.9e-57
[C] mpmath.iv t=3: (89) and (90) enclosures agree: OK widths 7.5e-37, 5.3e-57
[C] mpmath.iv Viete: prod_{k>=2} cos(pi/2^k) encloses 2/pi: OK width 7.9e-37
[C] ia_fixed t=1/2: dyadic product (89) encloses 2 sin(t/2)/t: OK 
[C] ia_fixed t=1: dyadic product (89) encloses 2 sin(t/2)/t: OK 
[C] ia_fixed t=2: dyadic product (89) encloses 2 sin(t/2)/t: OK 
[C] ia_fixed t=3: dyadic product (89) encloses 2 sin(t/2)/t: OK 
[C] ia_fixed Viete at t = pi: OK 
[D] genus: Riemann-Hurwitz = node count = floor((n-1)^2/2), n=2..60: OK 
[E] Figure 1: disc inside the strip and away from rho_1: OK distance > 0.275297 > r = 0.22
[F] Prop. 4.2 determinant identity encloses 0, n=2..12 (mpmath.iv): OK 
[G] (non-rigorous) n=3: monodromy group order 6 (2n = 6)
[G] (non-rigorous) n=4: monodromy group order 8 (2n = 8)
[G] (non-rigorous) n=5: monodromy group order 10 (2n = 10)
[G] (non-rigorous) n=6: monodromy group order 12 (2n = 12)
ALL RIGOROUS CHECKS PASSED
