== Coefficients of H (N = 200, prec = 256)
C_1   = [0.99812012667919862 +/- 3.17e-18]
C_3   = [0.163934924040801836 +/- 4.95e-19]
C_5   = [0.073616790600265242 +/- 7.68e-19]
C_199 = [0.0002099688634538 +/- 3.02e-17]
even C_k identically zero: yes
sum_{k<=N} S^f_k = [0.96400060812680 +/- 9.49e-16]
sum_{k<=N} S^g_k = [0.96400054748275 +/- 4.43e-15]
b_1   = [1.001883413900344662 +/- 9.70e-19]
b_3   = [-0.16517344678949109 +/- 2.05e-18]
b_5   = [0.00724031812625902 +/- 2.76e-18]
b_7   = [-2.2530688e-10 +/- 6.29e-18]
b_199 = [+/- 4.61e-6]
max radius of b_n (n <= N): 4.603e-06 at n = 199

== Rouche tail: s = 1.02, rho' = 1.10, M' = 23.1, J = 200
phi_1 = [-0.00187987332080138 +/- 3.17e-18]
phi_3 = [-0.00241843040573127 +/- 2.73e-18]
arc deviation bound r * sup|P'| <= 1.279e-5
sup_{|zeta|=s} |sum_{j<=J} phi_j zeta^j| <= 0.0050386804
Taylor tail of phi beyond J: M' (s/rho')^{J+1}/(1-s/rho') = [8.1399078e-5 +/- 5.69e-14]
delta (upper bound) = 0.005120079463
R' = s - delta - 1e-10 = 1.01487992044  (H^{-1} analytic on |w| < R' + 1e-10, |H^{-1}| <= sinh s)
sinh(s) = [1.20629991190 +/- 4.40e-12]

== Target eps = 3e-5
K_Kr = pi/(2 asinh 1) = [1.782213978191369111774 +/- 4.14e-22]
gamma_t = pi/(2(K_Kr - eps)) = [0.8813884234269701753047 +/- 2.02e-23]
A_N(gamma_t^+) = [0.99999921224500 +/- 6.81e-15]
q = gamma_t^+/R' = [0.868465722573 +/- 1.89e-13]
tail sum_{n>N} |b_n| gamma_t^n <= sinh(s) q^{N+1}/(1-q) = [4.4844112e-12 +/- 1.32e-20]
A(gamma_t) - 1 <= A_N(gamma_t^+) + tail - 1 <= -7.87750516324611e-7
CERTIFIED A(gamma_t) < 1, hence K_G <= pi/(2 gamma_t) = K_Kr - 3e-5 : YES
A_N(0.9) - 1 = [0.0263881834716 +/- 8.82e-14]   0.9 < R': yes

== Enclosure of the root c* of A(c) = 1
undecided at gamma = [0.88138898261487483955 +/- 2.43e-21]
gamma_lo = [0.88138898261189460733 +/- 1.20e-22]   A_N + tail - 1 <= [-3.11e-12 +/- 6.16e-15]
gamma_hi = [0.88138898261785507182 +/- 5.25e-22]   A_N - 1 >= [8.0e-13 +/- 7.91e-15]
certified: K_G <= pi/(2 gamma_lo) = K_Kr - eps_lo, eps_lo = [3.11306817226325e-5 +/- 1.91e-20]
these profiles cannot give more than eps_hi = [3.11306937747886e-5 +/- 4.95e-20]
upper bound for K_G: [1.7821828475096464793 +/- 6.53e-21]
