||rho||_A = [0.999976203885693079243558960000 +/- 3e-35]
Peng scheme, rho from rho.txt, N = 501, prec = 256
gamma = 5000 pi/17813 = [0.88182581642334060474 +/- 4.47e-21]
Parseval sum_{m+n<=N} alpha^2 = [0.9770928 +/- 8.51e-8]
b_0 = 0
b_1 = [0.881850816423338379 +/- 9.68e-19]
b_2 = 0
b_3 = [-9.11e-16 +/- 9.11e-19]
b_4 = 0
b_5 = [1.136e-15 +/- 5.62e-19]
b_6 = 0
b_7 = [-1.1591e-14 +/- 3.12e-19]
even coefficients contain 0: yes
b_1 >= 0.881850816423338
sum_{3<=k<=501, k odd} |b_k| = [3e-8 +/- 7.60e-9]  <= 3.59235480199e-8   (max radius of b_k: 4.517e-09)
  b_9 = [5.545e-15 +/- 6.05e-19]
  b_49 = [5.85588e-13 +/- 5.86e-19]
  b_89 = [1.7671383e-10 +/- 3.54e-18]
  b_129 = [-1.9037667e-11 +/- 1.89e-19]
  b_169 = [7.07253e-13 +/- 5.14e-19]
  b_209 = [-3.22164e-13 +/- 3.10e-19]
  b_249 = [-1.01681e-13 +/- 4.32e-19]
  b_289 = [-1.2767e-14 +/- 3.97e-19]
  b_329 = [1.75143e-14 +/- 6.72e-20]
  b_369 = [5.4155e-15 +/- 9.56e-20]
  b_409 = [-6.2662e-15 +/- 6.01e-20]
  b_449 = [3.83e-15 +/- 1.86e-18]
  b_489 = [+/- 5.85e-12]
b_1 - gamma - head = [2.497e-5 +/- 7.60e-9]   (room left for the tail sum_{k>501} |b_k|)
a_1 = [1.13397865191740 +/- 4.72e-15]
a_3 = [1.507e-15 +/- 8.97e-19]
a_5 = [-2.416e-15 +/- 6.98e-19]
a_7 = [3.1693e-14 +/- 8.28e-19]
partial inverse majorant sum_{n<=501} |a_n| gamma^n = [0.9999717 +/- 2.41e-8]
a_501 = [+/- 1.17e+19]
