== Coefficients of H (N = 200, prec = 256)
C_1   = [0.9980452537952252449823432 +/- 2.18e-26]
C_3   = [0.1638011368780481358449531 +/- 3.86e-26]
C_5   = [0.07348657291313760364466640 +/- 4.31e-27]
C_199 = [0.000202620915355263 +/- 2.71e-19]
even C_k identically zero: yes
sum_{k<=N} S^f_k = [0.96399774964787658773 +/- 3.28e-21]
sum_{k<=N} S^g_k = [0.96399774964787658773 +/- 3.28e-21]
b_1   = [1.0019585747212779408 +/- 4.62e-20]
b_3   = [-0.16508817892876219944 +/- 1.36e-21]
b_5   = [0.0072481098105396004252 +/- 2.07e-23]
b_7   = [1.336596098642156295e-16 +/- 5.22e-35]
b_199 = [+/- 4.33e-25]
max radius of b_n (n <= N): 4.327e-25 at n = 199

== Rouche tail: s = 1.02, rho' = 1.10, M' = 23.1, J = 200
phi_1 = [-0.00195474620477476 +/- 4.99e-18]
phi_3 = [-0.00253973875448940 +/- 4.99e-18]
arc deviation bound r * sup|P'| <= 2.509e-6
sup_{|zeta|=s} |sum_{j<=J} phi_j zeta^j| <= 0.0050644049
Taylor tail of phi beyond J: M' (s/rho')^{J+1}/(1-s/rho') = [8.1399078e-5 +/- 5.69e-14]
delta (upper bound) = 0.005145803982
R' = s - delta - 1e-10 = 1.01485419592  (H^{-1} analytic on |w| < R' + 1e-10, |H^{-1}| <= sinh s)
sinh(s) = [1.20629991190 +/- 4.40e-12]

== Target eps = 1e-5
K_Kr = pi/(2 asinh 1) = [1.782213978191369111774 +/- 4.14e-22]
gamma_t = pi/(2(K_Kr - eps)) = [0.8813785324331870570780 +/- 1.24e-23]
A_N(gamma_t^+) = [0.9999996472167305064236 +/- 4.59e-24]
q = gamma_t^+/R' = [0.868477990216 +/- 2.22e-13]
tail sum_{n>N} |b_n| gamma_t^n <= sinh(s) q^{N+1}/(1-q) = [4.4975811e-12 +/- 2.40e-20]
A(gamma_t) - 1 <= A_N(gamma_t^+) + tail - 1 <= -3.52778771912500e-7
CERTIFIED A(gamma_t) < 1, hence K_G <= pi/(2 gamma_t) = K_Kr - 1e-5 : YES
A_N(0.9) - 1 = [0.0264007269823 +/- 6.92e-15]   0.9 < R': yes

== Enclosure of the root c* of A(c) = 1
undecided at gamma = [0.88137878287434577921 +/- 4.95e-21]
gamma_lo = [0.88137878286838531477 +/- 3.32e-22]   A_N + tail - 1 <= [-5.74623e-12 +/- 4.51e-18]
gamma_hi = [0.88137878288030624369 +/- 4.65e-21]   A_N - 1 >= [6.54822e-12 +/- 2.71e-18]
certified: K_G <= pi/(2 gamma_lo) = K_Kr - eps_lo, eps_lo = [1.05063959052446e-5 +/- 1.98e-20]
these profiles cannot give more than eps_hi = [1.05064200101145e-5 +/- 6.53e-21]
upper bound for K_G: [1.7822034717954638672 +/- 5.82e-21]
