Lean (version 4.22.0, Release)
'HeilmanA.sqrt2_bounds' does not depend on any axioms
'HeilmanA.Delta_bracket_pos' does not depend on any axioms
'HeilmanA.Delta_ge_Dl' does not depend on any axioms
'HeilmanA.Delta_ge_DlT' does not depend on any axioms
'HeilmanA.Delta_le_Dh' does not depend on any axioms
'HeilmanA.q_eq' does not depend on any axioms
'HeilmanA.one_sub_q_sq' does not depend on any axioms
'HeilmanA.tail_115' does not depend on any axioms
'HeilmanA.tail_114' does not depend on any axioms
'HeilmanA.tail_114_Dh' does not depend on any axioms
'HeilmanA.n114_impossible' depends on axioms: [propext, Classical.choice, Quot.sound]
'HeilmanA.c_half_116' does not depend on any axioms
'HeilmanA.sign_231_strict' does not depend on any axioms
'HeilmanA.sign_231_eq_115' does not depend on any axioms
'HeilmanA.sign_232' does not depend on any axioms
'HeilmanA.sign_233' does not depend on any axioms
'HeilmanA.sign_230_fails' does not depend on any axioms
'HeilmanA.C_prime_le_Cs' does not depend on any axioms
'HeilmanA.delta0_231' does not depend on any axioms
'HeilmanA.delta0_232' does not depend on any axioms
'HeilmanA.delta0_233' does not depend on any axioms
'HeilmanA.p_small' does not depend on any axioms
'HeilmanA.slip_A39' does not depend on any axioms
'HeilmanA.slip_A45' does not depend on any axioms
'HeilmanA.slip_A47' does not depend on any axioms
'HeilmanA.slip_A49' does not depend on any axioms
'HeilmanA.slip_A66' does not depend on any axioms
'HeilmanA.c115_bounds' does not depend on any axioms
'HeilmanA.ratio_232_233' does not depend on any axioms
'HeilmanA.p231_in_monotone_range' does not depend on any axioms
'HeilmanA.m232_dominated' does not depend on any axioms
'HeilmanA.sup_delta0_231' does not depend on any axioms
'HeilmanA.heilman_eps_near_optimal' does not depend on any axioms
