'Heilman3e5.Lhi_gt' does not depend on any axioms
'Heilman3e5.Llo_lt' does not depend on any axioms
'Heilman3e5.gamma_le' does not depend on any axioms
'Heilman3e5.sinh_le' does not depend on any axioms
'Heilman3e5.Mp_ge' does not depend on any axioms
'Heilman3e5.delta_le' does not depend on any axioms
'Heilman3e5.Rp_le' does not depend on any axioms
'Heilman3e5.RmG_eq' does not depend on any axioms
'Heilman3e5.A_le' does not depend on any axioms
'Heilman3e5.tail_le' does not depend on any axioms
'Heilman3e5.main' does not depend on any axioms
'Heilman3e5.root_exists' does not depend on any axioms
'Heilman3e5.RmGlo_eq' does not depend on any axioms
'Heilman3e5.A_lo_le' does not depend on any axioms
'Heilman3e5.tail_lo_le' does not depend on any axioms
'Heilman3e5.best' does not depend on any axioms
'Heilman3e5.above' does not depend on any axioms
'Heilman3e5.Kb_ge' does not depend on any axioms
'Heilman3e5.eps_lo_le' does not depend on any axioms
'Heilman3e5.eps_hi_ge' does not depend on any axioms
