'HeilmanThm19.Lhi_gt' does not depend on any axioms
'HeilmanThm19.Llo_lt' does not depend on any axioms
'HeilmanThm19.gamma_le' does not depend on any axioms
'HeilmanThm19.sinh_le' does not depend on any axioms
'HeilmanThm19.Mp_ge' does not depend on any axioms
'HeilmanThm19.delta_le' does not depend on any axioms
'HeilmanThm19.Rp_le' does not depend on any axioms
'HeilmanThm19.RmG_eq' does not depend on any axioms
'HeilmanThm19.A_le' does not depend on any axioms
'HeilmanThm19.tail_le' does not depend on any axioms
'HeilmanThm19.main' does not depend on any axioms
'HeilmanThm19.root_exists' does not depend on any axioms
'HeilmanThm19.RmGlo_eq' does not depend on any axioms
'HeilmanThm19.A_lo_le' does not depend on any axioms
'HeilmanThm19.tail_lo_le' does not depend on any axioms
'HeilmanThm19.best' does not depend on any axioms
'HeilmanThm19.above' does not depend on any axioms
'HeilmanThm19.Kb_ge' does not depend on any axioms
'HeilmanThm19.eps_lo_le' does not depend on any axioms
'HeilmanThm19.eps_hi_ge' does not depend on any axioms
