cubic-quintic scheme, eta = 0.136419125, s3 = 0.34101124, s5 = 0.05276111, N = 251, prec = 256
Parseval sum_{m+n<=N} alpha^2 = [0.96757006325065505979 +/- 3.13e-21]
b_0 = 0
b_1 = [0.8815738220495995485819 +/- 1.27e-23]
b_2 = 0
b_3 = [3.453873343907383e-9 +/- 5.63e-25]
b_4 = 0
b_5 = [-9.0435536213519e-11 +/- 4.16e-25]
b_6 = 0
b_7 = [1.17143234357743166e-7 +/- 1.33e-25]
even coefficients contain 0: yes
b_1 >= 0.881573822049600
sum_{3<=k<=251, k odd} |b_k| = [1.13288599276897e-5 +/- 2.99e-20]  <= 1.13288599277e-5   (max radius of b_k: 1.754e-25)
  b_9 = [-1.4945867e-9 +/- 2.24e-17]
  b_49 = [2.8370429e-11 +/- 1.08e-19]
  b_89 = [7.5159568e-15 +/- 1.4e-25]
  b_129 = [-9.2247886e-18 +/- 3.66e-26]
  b_169 = [-3.60189e-20 +/- 5.01e-26]
  b_209 = [8.14e-23 +/- 3.73e-26]
  b_249 = [-3e-25 +/- 5.91e-26]
b_1 - gamma - head = [1.70841896719e-5 +/- 4.11e-17]   (room left for the tail sum_{k>251} |b_k|)
a_1 = [1.13433495299925 +/- 1.92e-15]
a_3 = [-5.71836227298338e-9 +/- 5.12e-24]
a_5 = [1.92658067564171e-10 +/- 3.44e-25]
a_7 = [-3.21105486974011e-7 +/- 4.48e-22]
partial inverse majorant sum_{n<=251} |a_n| gamma^n = [0.999980615233061 +/- 3.52e-16]
a_251 = [+/- 8.70e-12]
