evals 100000 leaves 54096 (infinite 0)  J0 <= 1157.526137 J1 <= 1039775.287695  (center 0.973157 15.142044)
evals 200000 leaves 104096 (infinite 0)  J0 <= 298.579987 J1 <= 78893.842617  (center 0.970876 15.161024)
evals 300000 leaves 154096 (infinite 0)  J0 <= 72.732400 J1 <= 26589.267381  (center 0.972238 15.170809)
evals 400000 leaves 204096 (infinite 0)  J0 <= 33.268069 J1 <= 14325.959177  (center 0.971808 15.173054)
evals 500000 leaves 254096 (infinite 0)  J0 <= 21.043478 J1 <= 9218.924179  (center 0.969998 15.171992)
evals 600000 leaves 304096 (infinite 0)  J0 <= 14.929760 J1 <= 6514.674765  (center 0.969465 15.170700)
evals 700000 leaves 354096 (infinite 0)  J0 <= 11.783442 J1 <= 4941.768980  (center 0.969501 15.170138)
evals 800000 leaves 404096 (infinite 0)  J0 <= 9.961642 J1 <= 3954.282250  (center 0.969519 15.169443)
evals 900000 leaves 454096 (infinite 0)  J0 <= 8.685411 J1 <= 3281.491963  (center 0.969553 15.169335)
evals 1000000 leaves 504096 (infinite 0)  J0 <= 7.786411 J1 <= 2800.437623  (center 0.969575 15.169503)
evals 1100000 leaves 554096 (infinite 0)  J0 <= 7.125883 J1 <= 2444.749164  (center 0.969508 15.169968)
evals 1200000 leaves 604096 (infinite 0)  J0 <= 6.595121 J1 <= 2175.623610  (center 0.969460 15.170763)
evals 1300000 leaves 654096 (infinite 0)  J0 <= 6.191095 J1 <= 1960.974885  (center 0.969455 15.171297)
evals 1400000 leaves 704096 (infinite 0)  J0 <= 5.883198 J1 <= 1782.812214  (center 0.969446 15.171802)
evals 1500000 leaves 754096 (infinite 0)  J0 <= 5.593666 J1 <= 1634.133633  (center 0.969418 15.172132)
P(x) = [(0 +/- 0), (-0.157939877439 +/- 1.1462e-77), (0 +/- 0), (0.0526466258131 +/- 3.8207e-78)]
rho(t) = [(0 + 0j)  +/-  (0, 0j)
(0.893597232424 + 0j)  +/-  (2.66e-77, 0j)
(0 + 0j)  +/-  (0, 0j)
(-0.103915229927 + 0j)  +/-  (6.76e-78, 0j)
(0 + 0j)  +/-  (0, 0j)
(0.00248753764913 + 0j)  +/-  (1.65e-79, 0j)]
boxes accepted 754096, evaluations 1500000
theta panels 0..15 of 32; inner domain [0,8.0]x[-8.0,8.0]x[0,pi]:  J0 <= 5.593671736e+00   J1 <= 1.634135268e+03   (center-value sums 9.694178e-01, 1.517213e+01)
