evals 100000 leaves 54096  J0 <= 7467.555568 J1 <= 9750799.030969  (center 0.973823 15.146753)
evals 200000 leaves 104096  J0 <= 1570.405360 J1 <= 778881.540871  (center 0.971573 15.158585)
evals 300000 leaves 154096  J0 <= 704.905244 J1 <= 237419.247189  (center 0.970967 15.169785)
evals 400000 leaves 204096  J0 <= 263.307756 J1 <= 121572.966019  (center 0.972193 15.173749)
evals 500000 leaves 254096  J0 <= 146.502010 J1 <= 72704.688696  (center 0.972162 15.174075)
evals 600000 leaves 304096  J0 <= 97.767827 J1 <= 47444.685364  (center 0.971556 15.173164)
evals 700000 leaves 354096  J0 <= 66.664858 J1 <= 32916.211954  (center 0.969871 15.171487)
evals 800000 leaves 404096  J0 <= 50.409961 J1 <= 23785.898468  (center 0.969568 15.170839)
evals 900000 leaves 454096  J0 <= 40.617173 J1 <= 17782.710164  (center 0.969612 15.171202)
evals 1000000 leaves 504096  J0 <= 33.777861 J1 <= 13731.734849  (center 0.969612 15.171316)
evals 1100000 leaves 554096  J0 <= 29.305442 J1 <= 10943.033956  (center 0.969658 15.171789)
evals 1200000 leaves 604096  J0 <= 26.021416 J1 <= 8995.211321  (center 0.969611 15.172322)
evals 1300000 leaves 654096  J0 <= 23.381055 J1 <= 7569.356174  (center 0.969604 15.172865)
evals 1400000 leaves 704096  J0 <= 21.378744 J1 <= 6487.474995  (center 0.969621 15.173497)
evals 1500000 leaves 754096  J0 <= 19.625349 J1 <= 5657.657802  (center 0.969588 15.173959)
evals 1600000 leaves 804096  J0 <= 18.300544 J1 <= 5015.117623  (center 0.969569 15.174385)
evals 1700000 leaves 854096  J0 <= 17.248282 J1 <= 4501.641169  (center 0.969523 15.175039)
evals 1800000 leaves 904096  J0 <= 16.361245 J1 <= 4075.574756  (center 0.969485 15.175550)
evals 1900000 leaves 954096  J0 <= 15.505499 J1 <= 3716.724072  (center 0.969491 15.175825)
evals 2000000 leaves 1004096  J0 <= 14.395397 J1 <= 3415.053511  (center 0.969551 15.176115)
evals 2100000 leaves 1054096  J0 <= 13.404716 J1 <= 3156.640835  (center 0.969616 15.176294)
evals 2200000 leaves 1104096  J0 <= 12.253074 J1 <= 2937.109849  (center 0.969711 15.176422)
evals 2300000 leaves 1154096  J0 <= 11.206813 J1 <= 2745.459328  (center 0.969791 15.176573)
evals 2400000 leaves 1204096  J0 <= 10.362901 J1 <= 2574.363266  (center 0.969819 15.176728)
evals 2500000 leaves 1254096  J0 <= 9.632783 J1 <= 2417.926790  (center 0.969822 15.176846)
evals 2600000 leaves 1304096  J0 <= 9.003859 J1 <= 2275.091060  (center 0.969815 15.176960)
evals 2700000 leaves 1354096  J0 <= 8.432543 J1 <= 2145.263062  (center 0.969796 15.177052)
evals 2800000 leaves 1404096  J0 <= 7.976139 J1 <= 2026.339050  (center 0.969797 15.177133)
evals 2900000 leaves 1454096  J0 <= 7.566700 J1 <= 1917.365318  (center 0.969804 15.177192)
evals 3000000 leaves 1504096  J0 <= 7.240296 J1 <= 1816.484409  (center 0.969802 15.177211)
evals 3100000 leaves 1554096  J0 <= 6.931432 J1 <= 1723.872084  (center 0.969801 15.177213)
evals 3200000 leaves 1604096  J0 <= 6.634626 J1 <= 1638.002117  (center 0.969732 15.177174)
evals 3300000 leaves 1654096  J0 <= 6.344869 J1 <= 1558.663908  (center 0.969642 15.177143)
evals 3400000 leaves 1704096  J0 <= 6.101903 J1 <= 1484.414933  (center 0.969600 15.177109)
evals 3500000 leaves 1754096  J0 <= 5.888306 J1 <= 1415.432812  (center 0.969576 15.177080)
evals 3600000 leaves 1804096  J0 <= 5.675725 J1 <= 1351.136029  (center 0.969561 15.177042)
evals 3700000 leaves 1854096  J0 <= 5.499010 J1 <= 1291.165430  (center 0.969553 15.177004)
evals 3800000 leaves 1904096  J0 <= 5.324218 J1 <= 1235.179781  (center 0.969546 15.176975)
evals 3900000 leaves 1954096  J0 <= 5.163270 J1 <= 1182.779382  (center 0.969541 15.176923)
evals 4000000 leaves 2004096  J0 <= 5.018790 J1 <= 1133.781627  (center 0.969538 15.176901)
evals 4100000 leaves 2054096  J0 <= 4.885974 J1 <= 1087.735487  (center 0.969534 15.176861)
evals 4200000 leaves 2104096  J0 <= 4.760835 J1 <= 1044.435838  (center 0.969531 15.176830)
evals 4300000 leaves 2154096  J0 <= 4.641247 J1 <= 1003.603943  (center 0.969530 15.176799)
evals 4400000 leaves 2204096  J0 <= 4.534461 J1 <= 964.953659  (center 0.969528 15.176762)
evals 4500000 leaves 2254096  J0 <= 4.434704 J1 <= 928.381179  (center 0.969529 15.176739)
evals 4600000 leaves 2304096  J0 <= 4.341253 J1 <= 893.828151  (center 0.969530 15.176730)
evals 4700000 leaves 2354096  J0 <= 4.248732 J1 <= 861.291470  (center 0.969532 15.176725)
evals 4800000 leaves 2404096  J0 <= 4.166128 J1 <= 830.294662  (center 0.969533 15.176724)
evals 4900000 leaves 2454096  J0 <= 4.089310 J1 <= 800.977062  (center 0.969534 15.176729)
evals 5000000 leaves 2504096  J0 <= 4.014907 J1 <= 773.215374  (center 0.969534 15.176726)
evals 5100000 leaves 2554096  J0 <= 3.942581 J1 <= 746.940547  (center 0.969534 15.176715)
evals 5200000 leaves 2604096  J0 <= 3.872100 J1 <= 721.995721  (center 0.969534 15.176705)
evals 5300000 leaves 2654096  J0 <= 3.810141 J1 <= 698.298542  (center 0.969534 15.176709)
evals 5400000 leaves 2704096  J0 <= 3.749387 J1 <= 675.812467  (center 0.969531 15.176688)
evals 5500000 leaves 2754096  J0 <= 3.691420 J1 <= 654.461872  (center 0.969528 15.176687)
evals 5600000 leaves 2804096  J0 <= 3.632199 J1 <= 634.285533  (center 0.969524 15.176703)
evals 5700000 leaves 2854096  J0 <= 3.576046 J1 <= 615.147961  (center 0.969520 15.176730)
evals 5800000 leaves 2904096  J0 <= 3.525695 J1 <= 596.874700  (center 0.969516 15.176751)
evals 5900000 leaves 2954096  J0 <= 3.478482 J1 <= 579.423356  (center 0.969515 15.176779)
evals 6000000 leaves 3004096  J0 <= 3.430445 J1 <= 562.835620  (center 0.969513 15.176804)
P(x) = [(0 +/- 0), (-0.157939877439 +/- 1.1462e-77), (0 +/- 0), (0.0526466258131 +/- 3.8207e-78)]
rho(t) = [(0 + 0j)  +/-  (0, 0j)
(0.893597232424 + 0j)  +/-  (2.66e-77, 0j)
(0 + 0j)  +/-  (0, 0j)
(-0.103915229927 + 0j)  +/-  (6.76e-78, 0j)
(0 + 0j)  +/-  (0, 0j)
(0.00248753764913 + 0j)  +/-  (1.65e-79, 0j)]
boxes accepted 3004096, evaluations 6000000
theta panels 0..15 of 32; inner domain [0,8.0]x[-8.0,8.0]x[0,pi]:  J0 <= 3.430454708e+00   J1 <= 5.902601312e+02   (center-value sums 9.695131e-01, 1.517680e+01)
