evals 100000 leaves 54096  J0 <= 7467.555570 J1 <= 9750809.733672  (center 0.973823 15.146753)
evals 200000 leaves 104096  J0 <= 1570.405363 J1 <= 778892.242013  (center 0.971573 15.158585)
evals 300000 leaves 154096  J0 <= 704.905246 J1 <= 237429.948270  (center 0.970967 15.169785)
evals 400000 leaves 204096  J0 <= 263.307758 J1 <= 121583.667089  (center 0.972193 15.173749)
evals 500000 leaves 254096  J0 <= 146.502012 J1 <= 72715.389762  (center 0.972162 15.174075)
evals 600000 leaves 304096  J0 <= 97.767829 J1 <= 47455.386427  (center 0.971556 15.173164)
evals 700000 leaves 354096  J0 <= 66.664859 J1 <= 32926.913016  (center 0.969871 15.171487)
evals 800000 leaves 404096  J0 <= 50.409963 J1 <= 23796.599529  (center 0.969568 15.170839)
evals 900000 leaves 454096  J0 <= 40.617174 J1 <= 17793.411225  (center 0.969612 15.171202)
evals 1000000 leaves 504096  J0 <= 33.777863 J1 <= 13742.435910  (center 0.969612 15.171316)
evals 1100000 leaves 554096  J0 <= 29.305443 J1 <= 10953.735016  (center 0.969658 15.171789)
evals 1200000 leaves 604096  J0 <= 26.021418 J1 <= 9005.912382  (center 0.969611 15.172322)
evals 1300000 leaves 654096  J0 <= 23.381057 J1 <= 7580.057234  (center 0.969604 15.172865)
evals 1400000 leaves 704096  J0 <= 21.378746 J1 <= 6498.176055  (center 0.969621 15.173497)
evals 1500000 leaves 754096  J0 <= 19.625351 J1 <= 5668.358862  (center 0.969588 15.173959)
evals 1600000 leaves 804096  J0 <= 18.300546 J1 <= 5025.818683  (center 0.969569 15.174385)
evals 1700000 leaves 854096  J0 <= 17.248284 J1 <= 4512.342229  (center 0.969523 15.175039)
evals 1800000 leaves 904096  J0 <= 16.361246 J1 <= 4086.275816  (center 0.969485 15.175550)
evals 1900000 leaves 954096  J0 <= 15.505501 J1 <= 3727.425132  (center 0.969491 15.175825)
evals 2000000 leaves 1004096  J0 <= 14.395399 J1 <= 3425.754572  (center 0.969551 15.176115)
evals 2100000 leaves 1054096  J0 <= 13.404718 J1 <= 3167.341896  (center 0.969616 15.176294)
evals 2200000 leaves 1104096  J0 <= 12.253075 J1 <= 2947.810910  (center 0.969711 15.176422)
evals 2300000 leaves 1154096  J0 <= 11.206815 J1 <= 2756.160388  (center 0.969791 15.176573)
evals 2400000 leaves 1204096  J0 <= 10.362903 J1 <= 2585.064326  (center 0.969819 15.176728)
evals 2500000 leaves 1254096  J0 <= 9.632785 J1 <= 2428.627851  (center 0.969822 15.176846)
evals 2600000 leaves 1304096  J0 <= 9.003860 J1 <= 2285.792120  (center 0.969815 15.176960)
evals 2700000 leaves 1354096  J0 <= 8.432545 J1 <= 2155.964123  (center 0.969796 15.177052)
evals 2800000 leaves 1404096  J0 <= 7.976141 J1 <= 2037.040111  (center 0.969797 15.177133)
evals 2900000 leaves 1454096  J0 <= 7.566701 J1 <= 1928.066379  (center 0.969804 15.177192)
evals 3000000 leaves 1504096  J0 <= 7.240298 J1 <= 1827.185470  (center 0.969802 15.177211)
evals 3100000 leaves 1554096  J0 <= 6.931434 J1 <= 1734.573144  (center 0.969801 15.177213)
evals 3200000 leaves 1604096  J0 <= 6.634628 J1 <= 1648.703178  (center 0.969732 15.177174)
evals 3300000 leaves 1654096  J0 <= 6.344871 J1 <= 1569.364968  (center 0.969642 15.177143)
evals 3400000 leaves 1704096  J0 <= 6.101905 J1 <= 1495.115993  (center 0.969600 15.177109)
evals 3500000 leaves 1754096  J0 <= 5.888308 J1 <= 1426.133873  (center 0.969576 15.177080)
evals 3600000 leaves 1804096  J0 <= 5.675727 J1 <= 1361.837089  (center 0.969561 15.177042)
evals 3700000 leaves 1854096  J0 <= 5.499012 J1 <= 1301.866491  (center 0.969553 15.177004)
evals 3800000 leaves 1904096  J0 <= 5.324220 J1 <= 1245.880841  (center 0.969546 15.176975)
evals 3900000 leaves 1954096  J0 <= 5.163272 J1 <= 1193.480442  (center 0.969541 15.176923)
evals 4000000 leaves 2004096  J0 <= 5.018792 J1 <= 1144.482687  (center 0.969538 15.176901)
evals 4100000 leaves 2054096  J0 <= 4.885976 J1 <= 1098.436547  (center 0.969534 15.176861)
evals 4200000 leaves 2104096  J0 <= 4.760836 J1 <= 1055.136899  (center 0.969531 15.176830)
evals 4300000 leaves 2154096  J0 <= 4.641249 J1 <= 1014.305003  (center 0.969530 15.176799)
evals 4400000 leaves 2204096  J0 <= 4.534463 J1 <= 975.654719  (center 0.969528 15.176762)
evals 4500000 leaves 2254096  J0 <= 4.434706 J1 <= 939.082240  (center 0.969529 15.176739)
evals 4600000 leaves 2304096  J0 <= 4.341255 J1 <= 904.529211  (center 0.969530 15.176730)
evals 4700000 leaves 2354096  J0 <= 4.248733 J1 <= 871.992531  (center 0.969532 15.176725)
evals 4800000 leaves 2404096  J0 <= 4.166129 J1 <= 840.995722  (center 0.969533 15.176724)
evals 4900000 leaves 2454096  J0 <= 4.089312 J1 <= 811.678123  (center 0.969534 15.176729)
evals 5000000 leaves 2504096  J0 <= 4.014909 J1 <= 783.916434  (center 0.969534 15.176726)
evals 5100000 leaves 2554096  J0 <= 3.942582 J1 <= 757.641607  (center 0.969534 15.176715)
evals 5200000 leaves 2604096  J0 <= 3.872102 J1 <= 732.696781  (center 0.969534 15.176705)
evals 5300000 leaves 2654096  J0 <= 3.810143 J1 <= 708.999602  (center 0.969534 15.176709)
evals 5400000 leaves 2704096  J0 <= 3.749389 J1 <= 686.513527  (center 0.969531 15.176688)
evals 5500000 leaves 2754096  J0 <= 3.691422 J1 <= 665.162932  (center 0.969528 15.176687)
evals 5600000 leaves 2804096  J0 <= 3.632200 J1 <= 644.986593  (center 0.969524 15.176703)
evals 5700000 leaves 2854096  J0 <= 3.576048 J1 <= 625.849022  (center 0.969520 15.176730)
evals 5800000 leaves 2904096  J0 <= 3.525696 J1 <= 607.575760  (center 0.969516 15.176751)
evals 5900000 leaves 2954096  J0 <= 3.478484 J1 <= 590.124416  (center 0.969515 15.176779)
evals 6000000 leaves 3004096  J0 <= 3.430447 J1 <= 573.536681  (center 0.969513 15.176804)
P(x) = [(0 +/- 0), (-0.157939877439 +/- 1.1462e-77), (0 +/- 0), (0.0526466258131 +/- 3.8207e-78)]
rho(t) = [(0 + 0j)  +/-  (0, 0j)
(0.893597232424 + 0j)  +/-  (2.66e-77, 0j)
(0 + 0j)  +/-  (0, 0j)
(-0.103915229927 + 0j)  +/-  (6.76e-78, 0j)
(0 + 0j)  +/-  (0, 0j)
(0.00248753764913 + 0j)  +/-  (1.65e-79, 0j)]
boxes accepted 3004096, evaluations 6000000
theta panels 16..31 of 32; inner domain [0,8.0]x[-8.0,8.0]x[0,pi]:  J0 <= 3.430454708e+00   J1 <= 5.902601312e+02   (center-value sums 9.695131e-01, 1.517680e+01)
