evals 100000 leaves 54096 (infinite 0)  J0 <= 189233304042.244965 J1 <= 155921198155638976.000000  (center 0.764324 201.010194)
evals 200000 leaves 104096 (infinite 0)  J0 <= 1240989353.016726 J1 <= 1218860407776.321777  (center 0.765042 201.053778)
evals 300000 leaves 154096 (infinite 0)  J0 <= 269170092.566553 J1 <= 45677764026.719727  (center 0.762876 201.017805)
evals 400000 leaves 204096 (infinite 0)  J0 <= 87835877.956529 J1 <= 8647966333.033251  (center 0.762561 201.333977)
evals 500000 leaves 254096 (infinite 0)  J0 <= 11462821.760422 J1 <= 1869575212.275319  (center 0.762639 201.132718)
evals 600000 leaves 304096 (infinite 0)  J0 <= 1848352.755110 J1 <= 381603341.780426  (center 0.762962 201.155896)
evals 700000 leaves 354096 (infinite 0)  J0 <= 412511.067089 J1 <= 96337892.924604  (center 0.762962 201.157564)
evals 800000 leaves 404096 (infinite 0)  J0 <= 167168.176355 J1 <= 31162419.309456  (center 0.763202 201.332177)
evals 900000 leaves 454096 (infinite 0)  J0 <= 117871.201495 J1 <= 14481573.007188  (center 0.763289 201.354031)
evals 1000000 leaves 504096 (infinite 0)  J0 <= 93257.635635 J1 <= 8799241.064668  (center 0.763564 201.458820)
evals 1100000 leaves 554096 (infinite 0)  J0 <= 68676.669922 J1 <= 6090419.348032  (center 0.763583 201.468498)
evals 1200000 leaves 604096 (infinite 0)  J0 <= 51353.508110 J1 <= 4451905.823941  (center 0.763612 201.449074)
evals 1300000 leaves 654096 (infinite 0)  J0 <= 39362.577807 J1 <= 3357184.136994  (center 0.763453 201.459377)
evals 1400000 leaves 704096 (infinite 0)  J0 <= 30570.365024 J1 <= 2621519.789636  (center 0.763521 201.475652)
evals 1500000 leaves 754096 (infinite 0)  J0 <= 24342.954806 J1 <= 2094871.033643  (center 0.763629 201.499102)
evals 1600000 leaves 804096 (infinite 0)  J0 <= 19627.567298 J1 <= 1709651.510511  (center 0.763534 201.514532)
evals 1700000 leaves 854096 (infinite 0)  J0 <= 16073.638335 J1 <= 1419502.490461  (center 0.763358 201.515806)
evals 1800000 leaves 904096 (infinite 0)  J0 <= 13305.953563 J1 <= 1195196.790052  (center 0.763346 201.512614)
evals 1900000 leaves 954096 (infinite 0)  J0 <= 11150.921651 J1 <= 1021527.226029  (center 0.763500 201.507301)
evals 2000000 leaves 1004096 (infinite 0)  J0 <= 9367.634776 J1 <= 881292.335501  (center 0.763515 201.502200)
evals 2100000 leaves 1054096 (infinite 0)  J0 <= 7895.916097 J1 <= 767892.348175  (center 0.763602 201.499175)
evals 2200000 leaves 1104096 (infinite 0)  J0 <= 6682.943890 J1 <= 675307.396221  (center 0.763620 201.494520)
evals 2300000 leaves 1154096 (infinite 0)  J0 <= 5682.806698 J1 <= 595859.844046  (center 0.763476 201.485260)
evals 2400000 leaves 1204096 (infinite 0)  J0 <= 4837.048905 J1 <= 525353.644824  (center 0.763479 201.471873)
evals 2500000 leaves 1254096 (infinite 0)  J0 <= 4132.844322 J1 <= 463887.231849  (center 0.763497 201.469067)
evals 2600000 leaves 1304096 (infinite 0)  J0 <= 3539.872752 J1 <= 409338.484253  (center 0.763502 201.462460)
evals 2700000 leaves 1354096 (infinite 0)  J0 <= 3030.436948 J1 <= 362249.050223  (center 0.763485 201.459089)
evals 2800000 leaves 1404096 (infinite 0)  J0 <= 2585.787727 J1 <= 321229.282939  (center 0.763447 201.462982)
evals 2900000 leaves 1454096 (infinite 0)  J0 <= 2228.007617 J1 <= 285202.976674  (center 0.763396 201.465462)
evals 3000000 leaves 1504096 (infinite 0)  J0 <= 1927.742909 J1 <= 253835.609952  (center 0.763404 201.472837)
evals 3100000 leaves 1554096 (infinite 0)  J0 <= 1686.978823 J1 <= 225975.630338  (center 0.763422 201.478236)
evals 3200000 leaves 1604096 (infinite 0)  J0 <= 1487.159079 J1 <= 201427.607332  (center 0.763402 201.481910)
evals 3300000 leaves 1654096 (infinite 0)  J0 <= 1321.084628 J1 <= 179968.927531  (center 0.763381 201.485687)
evals 3400000 leaves 1704096 (infinite 0)  J0 <= 1181.050800 J1 <= 161276.554617  (center 0.763351 201.488817)
evals 3500000 leaves 1754096 (infinite 0)  J0 <= 1063.017933 J1 <= 144934.803379  (center 0.763322 201.498139)
evals 3600000 leaves 1804096 (infinite 0)  J0 <= 964.590714 J1 <= 130730.959705  (center 0.763318 201.506704)
evals 3700000 leaves 1854096 (infinite 0)  J0 <= 882.268248 J1 <= 118259.002146  (center 0.763047 201.514091)
evals 3800000 leaves 1904096 (infinite 0)  J0 <= 813.111662 J1 <= 107450.253659  (center 0.762914 201.519615)
evals 3900000 leaves 1954096 (infinite 0)  J0 <= 757.032152 J1 <= 98396.321904  (center 0.762734 201.525173)
evals 4000000 leaves 2004096 (infinite 0)  J0 <= 711.274034 J1 <= 90476.180749  (center 0.762571 201.532159)
evals 4100000 leaves 2054096 (infinite 0)  J0 <= 672.229904 J1 <= 83504.340568  (center 0.762383 201.537328)
evals 4200000 leaves 2104096 (infinite 0)  J0 <= 638.176400 J1 <= 77331.729311  (center 0.762237 201.542473)
evals 4300000 leaves 2154096 (infinite 0)  J0 <= 609.144327 J1 <= 71833.375707  (center 0.762139 201.550844)
evals 4400000 leaves 2204096 (infinite 0)  J0 <= 584.858974 J1 <= 67112.870521  (center 0.762058 201.555876)
evals 4500000 leaves 2254096 (infinite 0)  J0 <= 565.122589 J1 <= 63067.968817  (center 0.762043 201.561607)
evals 4600000 leaves 2304096 (infinite 0)  J0 <= 547.907337 J1 <= 59478.255705  (center 0.762026 201.565625)
evals 4700000 leaves 2354096 (infinite 0)  J0 <= 532.850945 J1 <= 56302.556867  (center 0.762010 201.570452)
evals 4800000 leaves 2404096 (infinite 0)  J0 <= 519.331520 J1 <= 53400.203656  (center 0.761992 201.574439)
evals 4900000 leaves 2454096 (infinite 0)  J0 <= 507.456730 J1 <= 50755.410186  (center 0.761991 201.579077)
evals 5000000 leaves 2504096 (infinite 0)  J0 <= 496.088982 J1 <= 48375.636950  (center 0.761988 201.583543)
evals 5100000 leaves 2554096 (infinite 0)  J0 <= 486.210332 J1 <= 46156.081834  (center 0.761991 201.587553)
evals 5200000 leaves 2604096 (infinite 0)  J0 <= 475.262768 J1 <= 44201.333643  (center 0.762001 201.590675)
evals 5300000 leaves 2654096 (infinite 0)  J0 <= 461.662923 J1 <= 42484.266277  (center 0.762011 201.593846)
evals 5400000 leaves 2704096 (infinite 0)  J0 <= 447.343187 J1 <= 40935.199756  (center 0.762022 201.596806)
evals 5500000 leaves 2754096 (infinite 0)  J0 <= 433.071318 J1 <= 39517.709314  (center 0.762022 201.600202)
evals 5600000 leaves 2804096 (infinite 0)  J0 <= 419.016567 J1 <= 38206.437649  (center 0.762000 201.602584)
evals 5700000 leaves 2854096 (infinite 0)  J0 <= 405.479232 J1 <= 36976.542086  (center 0.762010 201.605679)
evals 5800000 leaves 2904096 (infinite 0)  J0 <= 392.196590 J1 <= 35819.529564  (center 0.762020 201.608115)
evals 5900000 leaves 2954096 (infinite 0)  J0 <= 379.416113 J1 <= 34735.128753  (center 0.762026 201.609653)
evals 6000000 leaves 3004096 (infinite 0)  J0 <= 367.129632 J1 <= 33713.835080  (center 0.762025 201.610766)
evals 6100000 leaves 3054096 (infinite 0)  J0 <= 355.328272 J1 <= 32733.238803  (center 0.762024 201.611726)
evals 6200000 leaves 3104096 (infinite 0)  J0 <= 343.871762 J1 <= 31806.836313  (center 0.762015 201.612360)
evals 6300000 leaves 3154096 (infinite 0)  J0 <= 332.943368 J1 <= 30916.597985  (center 0.762016 201.613043)
evals 6400000 leaves 3204096 (infinite 0)  J0 <= 322.579011 J1 <= 30067.811866  (center 0.762018 201.613282)
evals 6500000 leaves 3254096 (infinite 0)  J0 <= 312.400753 J1 <= 29267.002188  (center 0.762025 201.613475)
P(x) = [(0 +/- 0), (-0.125594483534 +/- 1.6518e-19), (0 +/- 0), (0.0497312456985 +/- 1.2430e-19), (0 +/- 0), (-0.00716814649634 +/- 2.9647e-20), (0 +/- 0), (0.00154814115114 +/- 4.0255e-21), (0 +/- 0), (-0.000101953126063 +/- 1.7996e-22), (0 +/- 0), (2.02938632544e-6 +/- 2.7542e-24)]
rho(t) = [(0 + 0j)  +/-  (0, 0j)
(0.891287172925 + 0j)  +/-  (8.64e-78, 0j)
(0 + 0j)  +/-  (0, 0j)
(-0.106385518696 + 0j)  +/-  (1.08e-78, 0j)
(0 + 0j)  +/-  (0, 0j)
(0.00228043768335 + 0j)  +/-  (3.37e-80, 0j)
(0 + 0j)  +/-  (0, 0j)
(-3.78142635799e-8 + 0j)  +/-  (5.15e-85, 0j)
(0 + 0j)  +/-  (0, 0j)
(-1.03008675598e-5 + 0j)  +/-  (1.32e-82, 0j)
(0 + 0j)  +/-  (0, 0j)
(5.34958085262e-10 + 0j)  +/-  (8.04e-87, 0j)
(0 + 0j)  +/-  (0, 0j)
(8.38815202037e-6 + 0j)  +/-  (1.32e-82, 0j)
(0 + 0j)  +/-  (0, 0j)
(-1.23075434395e-6 + 0j)  +/-  (1.65e-83, 0j)
(0 + 0j)  +/-  (0, 0j)
(5.37732504523e-7 + 0j)  +/-  (8.24e-84, 0j)
(0 + 0j)  +/-  (0, 0j)
(1.68477854605e-6 + 0j)  +/-  (1.65e-83, 0j)
(0 + 0j)  +/-  (0, 0j)
(3.78116636717e-7 + 0j)  +/-  (4.12e-84, 0j)
(0 + 0j)  +/-  (0, 0j)
(3.22469232436e-8 + 0j)  +/-  (5.15e-85, 0j)
(0 + 0j)  +/-  (0, 0j)
(1.89814623487e-7 + 0j)  +/-  (2.06e-84, 0j)
(0 + 0j)  +/-  (0, 0j)
(6.40994219345e-8 + 0j)  +/-  (1.03e-84, 0j)
(0 + 0j)  +/-  (0, 0j)
(-5.15443560670e-8 + 0j)  +/-  (5.15e-85, 0j)
(0 + 0j)  +/-  (0, 0j)
(6.92798411571e-9 + 0j)  +/-  (6.43e-86, 0j)
(0 + 0j)  +/-  (0, 0j)
(5.55323263484e-8 + 0j)  +/-  (5.15e-85, 0j)
(0 + 0j)  +/-  (0, 0j)
(1.36194232729e-8 + 0j)  +/-  (1.29e-85, 0j)
(0 + 0j)  +/-  (0, 0j)
(-3.17963677194e-8 + 0j)  +/-  (5.15e-85, 0j)
(0 + 0j)  +/-  (0, 0j)
(-2.27375331756e-8 + 0j)  +/-  (2.57e-85, 0j)
(0 + 0j)  +/-  (0, 0j)
(8.46047281367e-9 + 0j)  +/-  (1.29e-85, 0j)
(0 + 0j)  +/-  (0, 0j)
(1.77633968799e-8 + 0j)  +/-  (2.57e-85, 0j)
(0 + 0j)  +/-  (0, 0j)
(4.11615583384e-9 + 0j)  +/-  (6.43e-86, 0j)
(0 + 0j)  +/-  (0, 0j)
(-8.75078707390e-9 + 0j)  +/-  (1.29e-85, 0j)
(0 + 0j)  +/-  (0, 0j)
(-7.92884911950e-9 + 0j)  +/-  (1.29e-85, 0j)
(0 + 0j)  +/-  (0, 0j)
(4.91510673481e-10 + 0j)  +/-  (8.04e-87, 0j)]
boxes accepted 3296905, evaluations 6585618
theta panels 0..15 of 32; inner domain [0,8.0]x[-8.0,8.0]x[0,pi]:  J0 <= 3.041465559e+02   J1 <= 2.860954363e+04   (center-value sums 7.620257e-01, 2.016137e+02)
